// Jest Snapshot v1, https://goo.gl/fbAQLP

exports[`Component: Mistakes should render correctly 1`] = `
<div>
  <h2
    class="property__host-title"
  >
    Meet the host
  </h2>
  <div
    class="property__host-user user"
  >
    <div
      class="property__avatar-wrapper property__avatar-wrapper--pro user__avatar-wrapper"
    >
      <img
        alt="Host avatar"
        class="property__avatar user__avatar"
        height="74"
        src="https://images.unsplash.com/photo-1494790108377-be9c29b29330?ixid=MnwxMjA3fDB8MHxwaG90by1wYWdlfHx8fGVufDB8fHx8&ixlib=rb-1.2.1&auto=format&fit=crop&w=687&q=80"
        width="74"
      />
    </div>
    <span
      class="property__user-name"
    >
      Test
    </span>
    <span
      class="property__user-status"
    >
      Pro
    </span>
  </div>
</div>
`;
